Dear Bob,

Sorry you couldn't make it.

You brought: book,pen,
Thank you for the lovely toaster.
