Welcome, Alice!

<span class="active">Online</span>
Hello Alice, you have 5 messages
&lt;b&gt;Hello&lt;/b&gt;
foo%20bar%26baz
0: apple
1: banana
2: cherry
apple
Small list: 3 items
